[0;94m
-------------------------------------------------------------
[0;39m[0;93m
		TEST CREATED BY: [0;39m[0;96mGEMARTIN	
[0;39m[0;94m
-------------------------------------------------------------
[0;39m[0;94m
-------------------------------------------------------------
[0;39m[0;94m
			CONTROL ERRORS	
[0;39m[0;94m
-------------------------------------------------------------

[0;39m[1;92m1.[OK] [0;39m
[1;92m2.[OK] [0;39m
[1;92m3.[OK] [0;39m
[1;92m4.[OK] [0;39m
[1;92m5.[OK] [0;39m
[1;92m6.[OK] [0;39m
[1;92m7.[OK] [0;39m
[1;92m8.[OK] [0;39m
[1;92m9.[OK] [0;39m
[1;92m10.[OK] [0;39m
[1;92m11.[OK] [0;39m
[1;92m12.[OK] [0;39m
[1;92m13.[OK] [0;39m
[1;92m14.[OK] [0;39m
[1;92m15.[OK] [0;39m
[1;92m16.[OK] [0;39m
[1;92m17.[OK] [0;39m
[1;92m18.[OK] [0;39m
[1;92m19.[OK] [0;39m
[1;92m20.[OK] [0;39m
[1;92m21.[OK] [0;39m
[1;92m22.[OK] [0;39m
[1;92m23.[OK] [0;39m
[1;92m24.[OK] [0;39m
[1;92m25.[OK] [0;39m
[1;92m26.[OK] [0;39m
[1;92m27.[OK] [0;39m
[1;92m28.[OK] [0;39m
[1;92m29.[OK] [0;39m
[1;92m30.[OK] [0;39m
[1;92m31.[OK] [0;39m
[1;92m32.[OK] [0;39m
[1;92m33.[OK] [0;39m
[1;92m34.[OK] [0;39m
[1;92m35.[OK] [0;39m
[1;92m36.[OK] [0;39m
[1;92m37.[OK] [0;39m
[1;92m38.[OK] [0;39m
[1;92m39.[OK] [0;39m
[1;92m40.[OK] [0;39m
[1;92m41.[OK] [0;39m
[1;92m42.[OK] [0;39m
[1;92m43.[OK] [0;39m
[1;92m44.[OK] [0;39m
[1;92m45.[OK] [0;39m
[0;94m
-------------------------------------------------------------
[0;39m[0;94m
			Basic input		
[0;39m[0;94m
-------------------------------------------------------------

[0;39m[1;92m1.[OK] [0;39m[1;92m2.[OK] [0;39m[1;92m3.[OK] [0;39m[1;92m4.[OK] [0;39m[1;92m5.[OK] [0;39m[1;92m6.[OK] [0;39m[1;92m7.[OK] [0;39m[1;92m8.[OK] [0;39m[1;92m9.[OK] [0;39m[1;92m10.[OK] [0;39m[1;92m11.[OK] [0;39m[1;92m12.[OK] [0;39m[1;92m13.[OK] [0;39m[1;91m14.[KO][0;39m[1;92m15.[OK] [0;39m[1;91m16.[KO][0;39m[1;92m17.[OK] [0;39m[1;91m18.[KO][0;39m[1;92m19.[OK] [0;39m[1;91m20.[KO][0;39m[1;92m21.[OK] [0;39m[1;91m22.[KO][0;39m[1;92m23.[OK] [0;39m[1;91m24.[KO][0;39m[1;92m25.[OK] [0;39m[1;91m26.[KO][0;39m[1;92m27.[OK] [0;39m[1;91m28.[KO][0;39m[1;92m29.[OK] [0;39m[1;91m30.[KO][0;39m[1;92m31.[OK] [0;39m[1;91m32.[KO][0;39m[1;92m33.[OK] [0;39m[1;92m34.[OK] [0;39m[1;92m35.[OK] [0;39m[1;92m36.[OK] [0;39m[1;92m37.[OK] [0;39m[1;91m38.[KO][0;39m[1;92m39.[OK] [0;39m[1;91m40.[KO][0;39m[1;92m41.[OK] [0;39m[1;91m42.[KO][0;39m[1;92m43.[OK] [0;39m[1;91m44.[KO][0;39m[1;92m45.[OK] [0;39m[1;91m46.[KO][0;39m[1;92m47.[OK] [0;39m[1;91m48.[KO][0;39m[1;92m49.[OK] [0;39m[1;92m50.[OK] [0;39m[1;92m51.[OK] [0;39m[1;92m52.[OK] [0;39m[1;92m53.[OK] [0;39m[1;92m54.[OK] [0;39m[1;92m55.[OK] [0;39m[1;92m56.[OK] [0;39m[1;92m57.[OK] [0;39m[1;92m58.[OK] [0;39m[1;92m59.[OK] [0;39m[1;92m60.[OK] [0;39m[0;94m

-------------------------------------------------------------

[0;39m[0;94m
			Size 5		
[0;39m[0;94m
-------------------------------------------------------------

[0;39m[1;92m1.[OK] [0;39m[1;91m2.[KO][0;39m[1;92m3.[OK] [0;39m[1;91m4.[KO][0;39m[1;92m5.[OK] [0;39m[1;91m6.[KO][0;39m[1;92m7.[OK] [0;39m[1;91m8.[KO][0;39m[1;92m9.[OK] [0;39m[1;91m10.[KO][0;39m[1;92m11.[OK] [0;39m[1;91m12.[KO][0;39m[1;92m13.[OK] [0;39m[1;91m14.[KO][0;39m[1;92m15.[OK] [0;39m[1;91m16.[KO][0;39m[1;92m17.[OK] [0;39m[1;91m18.[KO][0;39m[1;92m19.[OK] [0;39m[1;91m20.[KO][0;39m[1;92m21.[OK] [0;39m[1;91m22.[KO][0;39m[1;92m23.[OK] [0;39m[1;91m24.[KO][0;39m[1;92m25.[OK] [0;39m[1;91m26.[KO][0;39m[1;92m27.[OK] [0;39m[1;91m28.[KO][0;39m